error: Unknown bootstrap parameter 'invalid_param'. Valid parameters are: addr, config, middleware

       ðŸ’¡ Usage examples:
       â€¢ #[elif::bootstrap] (auto-discovery)
       â€¢ #[elif::bootstrap(addr = "127.0.0.1:3000")]
       â€¢ #[elif::bootstrap(config = my_config())]
       â€¢ #[elif::bootstrap(middleware = [cors(), auth()])]
       â€¢ #[elif::bootstrap(AppModule)] (backward compatibility)
 --> tests/ui/bootstrap_invalid_param.rs:3:30
  |
3 | #[elif::bootstrap(AppModule, invalid_param = "test")]
  |                              ^^^^^^^^^^^^^

warning: unused import: `elif::prelude::*`
 --> tests/ui/bootstrap_invalid_param.rs:1:5
  |
1 | use elif::prelude::*;
  |     ^^^^^^^^^^^^^^^^
  |
  = note: `#[warn(unused_imports)]` on by default

error[E0601]: `main` function not found in crate `$CRATE`
 --> tests/ui/bootstrap_invalid_param.rs:6:2
  |
6 | }
  |  ^ consider adding a `main` function to `$DIR/tests/ui/bootstrap_invalid_param.rs`
