error: Bootstrap macro can only be applied to async functions

       ðŸ’¡ Change your function to:
       async fn main() -> Result<(), HttpError> {}
 --> tests/ui/bootstrap_non_async.rs:4:1
  |
4 | fn main() -> Result<(), HttpError> {
  | ^^

warning: unused import: `elif::prelude::*`
 --> tests/ui/bootstrap_non_async.rs:1:5
  |
1 | use elif::prelude::*;
  |     ^^^^^^^^^^^^^^^^
  |
  = note: `#[warn(unused_imports)]` on by default

error[E0601]: `main` function not found in crate `$CRATE`
 --> tests/ui/bootstrap_non_async.rs:6:2
  |
6 | }
  |  ^ consider adding a `main` function to `$DIR/tests/ui/bootstrap_non_async.rs`
