error: Unknown module section 'is_app'. Valid sections are: providers, controllers, imports, exports, is_app.

       ğŸ’¡ Suggestions:
       â€¢ Use 'providers: [ServiceType]' for concrete services
       â€¢ Use 'providers: [dyn Trait => Implementation]' for trait mappings
       â€¢ Use 'controllers: [ControllerType]' for HTTP controllers
       â€¢ Use 'imports: [ModuleType]' for module dependencies
       â€¢ Use 'exports: [ServiceType]' for services available to other modules
       â€¢ Use 'is_app' (without colon) to mark this module as an app module that can bootstrap

       ğŸ“– See: https://docs.elif.rs/modules/module-definition
  --> tests/ui/fail/is_app_with_value.rs:16:5
   |
16 |     is_app: true
   |     ^^^^^^
